temp_convert: error: Not enough arguments.
Usage: temp_convert INPUT_SCALE OUTPUT_SCALE [TEMPERATURE]...
